
======================================================================
MORFE.jl — arch_2_force  |  mode_1_order_7_cnf
----------------------------------------------------------------------
  Phys. master modes : [1]   ROM = 2,  N_EXT = 3,  NVAR = 5
  max_degree = 3,  neig = 3
  Rayleigh:  α = 0.7259,  β = 0
  Force: Ω from mode 1, shape from mode 1, amp = 3
  Resonance: style = cnf,  tol_rel = 0.05
  Results → /Users/alessandravizzaccaro/Documents/julia/MORFE.jl/demo/Blade/results/mode_1_order_7_cnf
======================================================================

Material: isotropic polysilicon (mm·kg·s)
  E = 1.04e+11 MPa,  ν = 0.30,  ρ = 4400 kg/mm³  →  λ = 6e+10,  μ = 4e+10 MPa

§1  Mesh: blade_2.mphtxt
     472 P18 cells,  3009 nodes

§2  FEM: P18 quadratic prism (54 DOFs/cell)
     9027 total DOFs,  117 constrained,  8910 free

§3  Eigenproblem  (3 physical mode pairs)
     --------------------------------------------------------------
     Phys    EV idx  σ (decay)             f (Hz)          ω (rad/s)
     --------------------------------------------------------------
       1    1, 2   -3.629320e-01        11.5523          72.5855  ← MASTER ★
       2    3, 4   -3.629320e-01        32.6013         204.8402
       3    5, 6   -3.629320e-01        40.2558         252.9347
     --------------------------------------------------------------

§4  Resonance set  (NVAR=5, max_degree=3, tol_rel=0.05)
     16 resonant / 110 total  across 2 targets
     Target 1  (λ = -3.6293e-01 +7.2586e+01i):  8 monomials
       [1, 0, 0, 0, 0]  [0, 0, 0, 0, 1]  [2, 1, 0, 0, 0]  [2, 0, 0, 1, 0]  [1, 1, 0, 0, 1]  [1, 0, 0, 1, 1]  [0, 1, 0, 0, 2]  [0, 0, 0, 1, 2]
     Target 2  (λ = -3.6293e-01 -7.2586e+01i):  8 monomials
       [0, 1, 0, 0, 0]  [0, 0, 0, 1, 0]  [1, 2, 0, 0, 0]  [1, 1, 0, 1, 0]  [1, 0, 0, 2, 0]  [0, 2, 0, 0, 1]  [0, 1, 0, 1, 1]  [0, 0, 0, 2, 1]

§5  Reduced dynamics R — nonzero coefficients:
     [1, 0, 0, 0, 0]   ComplexF64[-0.362932 + 72.58551589911036im, 0.0 + 0.0im, 0.0 + 0.0im, 0.0 + 0.0im, 0.0 + 0.0im]
     [0, 1, 0, 0, 0]   ComplexF64[0.0 + 0.0im, -0.362932 - 72.58551589911036im, 0.0 + 0.0im, 0.0 + 0.0im, 0.0 + 0.0im]
     [0, 0, 1, 0, 0]   ComplexF64[0.0 + 0.0im, 0.0 + 0.0im, -98.646872082005 + 0.0im, 0.0 + 0.0im, 0.0 + 0.0im]
     [0, 0, 0, 1, 0]   ComplexF64[0.0 + 0.0im, 6.862859607025107e-14 + 0.020665279871890024im, 0.0 + 0.0im, 0.6689782494325371 - 72.5864im, 0.0 + 0.0im]
     [0, 0, 0, 0, 1]   ComplexF64[6.862859607025107e-14 - 0.020665279871890024im, 0.0 - 0.0im, 0.0 + 0.0im, 0.0 + 0.0im, 0.6689782494325371 + 72.5864im]
     [0, 0, 2, 0, 0]   ComplexF64[0.0 + 0.0im, 0.0 + 0.0im, 0.9948420207759087 + 0.0im, -6.814235649026436 + 8.748745624797687im, -6.814235649026436 - 8.748745624797687im]
     [0, 0, 1, 1, 0]   ComplexF64[0.0 + 0.0im, 0.0 + 0.0im, 2.5876060118691453 + 1.791743787493256im, -0.9948420207759087 + 10.584178671244299im, 1.2684481410172153 - 2.7037926689097063im]
     [0, 0, 1, 0, 1]   ComplexF64[0.0 - 0.0im, 0.0 - 0.0im, 2.5876060118691453 - 1.791743787493256im, 1.2684481410172153 + 2.7037926689097063im, -0.9948420207759087 - 10.584178671244299im]
     [0, 0, 0, 2, 0]   ComplexF64[0.0 + 0.0im, 0.0 + 0.0im, -0.7820348872038845 + 0.2513036649252048im, -2.475242877002305 - 2.4053158541566533im, 0.8286790096620728 + 0.19988761591054002im]
     [0, 0, 0, 1, 1]   ComplexF64[0.0 + 0.0im, 0.0 + 0.0im, -0.3393180124969346 + 0.0im, 2.362872621982442 - 3.01888792082005im, 2.362872621982442 + 3.01888792082005im]
     [0, 0, 0, 0, 2]   ComplexF64[0.0 - 0.0im, 0.0 - 0.0im, -0.7820348872038845 - 0.2513036649252048im, 0.8286790096620728 - 0.19988761591054002im, -2.475242877002305 + 2.4053158541566533im]
     [2, 1, 0, 0, 0]   ComplexF64[0.15742884822662495 - 123.70910351305487im, 0.0 + 0.0im, 0.0 + 0.0im, 0.0 + 0.0im, 0.0 + 0.0im]
     [2, 0, 0, 1, 0]   ComplexF64[-0.00011786334602141625 - 0.017609158570827923im, 0.0 + 0.0im, 0.0 + 0.0im, 0.0 + 0.0im, 0.0 + 0.0im]
     [1, 2, 0, 0, 0]   ComplexF64[0.0 - 0.0im, 0.15742884822662495 + 123.70910351305487im, 0.0 + 0.0im, 0.0 + 0.0im, 0.0 + 0.0im]
     [1, 1, 0, 1, 0]   ComplexF64[0.0 + 0.0im, 0.00021705640000789668 + 0.017290725214749024im, 0.0 + 0.0im, 0.0 + 0.0im, 0.0 + 0.0im]
     [1, 1, 0, 0, 1]   ComplexF64[0.00021705640000789668 - 0.017290725214749024im, 0.0 - 0.0im, 0.0 + 0.0im, 0.0 + 0.0im, 0.0 + 0.0im]
     [1, 0, 0, 2, 0]   ComplexF64[0.0 + 0.0im, -1.7757600029885336e-5 - 1.3199383027602769e-5im, 0.0 + 0.0im, 0.0 + 0.0im, 0.0 + 0.0im]
     [1, 0, 0, 1, 1]   ComplexF64[9.10191543426976e-9 + 0.00014123564827994874im, 0.0 + 0.0im, 0.0 + 0.0im, 0.0 + 0.0im, 0.0 + 0.0im]
     [0, 2, 0, 0, 1]   ComplexF64[0.0 - 0.0im, -0.00011786334602141625 + 0.017609158570827923im, 0.0 + 0.0im, 0.0 + 0.0im, 0.0 + 0.0im]
     [0, 1, 0, 1, 1]   ComplexF64[0.0 - 0.0im, 9.10191543426976e-9 - 0.00014123564827994874im, 0.0 + 0.0im, 0.0 + 0.0im, 0.0 + 0.0im]
     [0, 1, 0, 0, 2]   ComplexF64[-1.7757600029885336e-5 + 1.3199383027602769e-5im, 0.0 - 0.0im, 0.0 + 0.0im, 0.0 + 0.0im, 0.0 + 0.0im]
     [0, 0, 0, 2, 1]   ComplexF64[0.0 + 0.0im, 7.965970700601567e-6 + 1.7331885496551464e-5im, 0.0 + 0.0im, 0.0 + 0.0im, 0.0 + 0.0im]
     [0, 0, 0, 1, 2]   ComplexF64[7.965970700601567e-6 - 1.7331885496551464e-5im, 0.0 - 0.0im, 0.0 + 0.0im, 0.0 + 0.0im, 0.0 + 0.0im]

======================================================================
MORFE.jl — arch_2_force (isotropic polysilicon, P18 prisms)
  Config: mode_1_order_7_cnf   FOM: 8910 free DOFs
  Master modes: phys. [1]  →  11.5525 Hz
  max_degree = 3,  NVAR = 5,  monomials = 55
----------------------------------------------------------------------
  §3  Eigenproblem                    2.637 s    0.75 GB
  §5  Cohomological solve            20.715 s    6.74 GB
======================================================================

ROM saved → /Users/alessandravizzaccaro/Documents/julia/MORFE.jl/demo/Blade/results/mode_1_order_7_cnf
  W.jls,  R.jls,  summary.log
