============================================================
Kármán Vortex Street DPIM  (Re₀ = 49.03,  order = 9)
  results → /Users/tiago/Desktop/AM-TUM/Code/MORFEFerrite/MORFEFerrite.jl/examples/05_karman_vortex_street/results/Re49.03_ord9
============================================================

[1/10] Generating Turek–Schäfer mesh ...

[2/10] Ferrite P2/P1 Taylor-Hood FEM setup ...
  Free DOFs (steady state): 57860
  Free DOFs (DPIM): 57860

[3/10] Newton steady-state at Re₀ = 49.03 ...

[4/10] Assembling linearised NSE operators ...
  B₁ nnz = 1691298,  B₀ nnz = 1691298

[5/10] Assembling K_visc and base-flow forcing h₀ ...
  K_visc nnz = 1160316

[6/10] Shift-invert ARPACK eigenproblem ...

[7/10] Building NDOrderModel and multiindex set ...
  219 monomials (NVAR=3, order ≤ 9)

[8/10] Solving cohomological equations (order 9) ...

Resonance set  (NVAR=3, max_degree=9)
     Target 1:  25 monomials
       [1, 0, 0]  [1, 0, 1]  [2, 1, 0]  [1, 0, 2]  [2, 1, 1]  [1, 0, 3]  [3, 2, 0]  [2, 1, 2]  [1, 0, 4]  [3, 2, 1]  [2, 1, 3]  [1, 0, 5]  [4, 3, 0]  [3, 2, 2]  [2, 1, 4]  [1, 0, 6]  [4, 3, 1]  [3, 2, 3]  [2, 1, 5]  [1, 0, 7]  [5, 4, 0]  [4, 3, 2]  [3, 2, 4]  [2, 1, 6]  [1, 0, 8]
     Target 2:  25 monomials
       [0, 1, 0]  [0, 1, 1]  [1, 2, 0]  [0, 1, 2]  [1, 2, 1]  [0, 1, 3]  [2, 3, 0]  [1, 2, 2]  [0, 1, 4]  [2, 3, 1]  [1, 2, 3]  [0, 1, 5]  [3, 4, 0]  [2, 3, 2]  [1, 2, 4]  [0, 1, 6]  [3, 4, 1]  [2, 3, 3]  [1, 2, 5]  [0, 1, 7]  [4, 5, 0]  [3, 4, 2]  [2, 3, 4]  [1, 2, 6]  [0, 1, 8]
     Target 3:  0 monomials

[9/10] Reduced dynamics — first row ż₁ = R₁(z₁, z̄₁, η′) ...

Reduced dynamics ż₁ = R₁ — nonzero monomials:
  [1, 0, 0]      : 0.00402844 + 16.8592im
  [1, 0, 1]      : -212.008 - 59.1077im
  [2, 1, 0]      : -0.111011 + 0.0706508im
  [1, 0, 2]      : 2981.09 + 95.235im
  [2, 1, 1]      : -4.65178 + 8.75874im
  [1, 0, 3]      : -51641.5 + 46757.9im
  [3, 2, 0]      : 0.00592475 - 0.00139524im
  [2, 1, 2]      : -730.904 + 823.841im
  [1, 0, 4]      : 11014.5 - 2.06872e6im
  [3, 2, 1]      : 1.22527 - 0.772445im
  [2, 1, 3]      : -39563.9 + 63046.7im
  [1, 0, 5]      : 2.84087e7 + 3.3066e7im
  [4, 3, 0]      : -0.000596625 + 0.000283358im
  [3, 2, 2]      : 272.681 - 237.189im
  [2, 1, 4]      : -3.89243e6 + 5.88901e6im
  [1, 0, 6]      : -1.88922e9 + 4.02083e8im
  [4, 3, 1]      : -0.319866 + 0.223808im
  [3, 2, 3]      : 55777.8 - 63593.7im
  [2, 1, 5]      : -2.79965e8 + 4.07854e8im
  [1, 0, 7]      : 1.88566e11 - 6.77402e10im
  [5, 4, 0]      : 8.81332e-5 - 4.46976e-5im
  [4, 3, 2]      : -132.975 + 117.993im
  [3, 2, 4]      : 1.21619e7 - 1.58943e7im
  [2, 1, 6]      : -2.35189e10 + 4.10294e10im
  [1, 0, 8]      : -1.65818e13 + 7.76413e12im

[10/10] Saving ROM and exporting observables ...
  Lift polynomial: L0 = 0.000388, 219 coefficients
  tke_gram_re.csv, tke_gram_im.csv, tke_avector.csv  written to data/
  R_coefficients.csv  (50 rows)
  L_coefficients.csv  (219 polynomial rows, L0 = 0.000388203)

============================================================
Kármán Vortex Street DPIM — Summary
  Re₀ = 49.03,  order = 9,  NVAR = 3,  FOM = 57860
  Hopf eigenvalue:  λ₁ = +0.004028 +16.859169·i
------------------------------------------------------------
  [1] Mesh generation                       0.634 s      0.07 GB
  [2] FEM setup                             5.534 s      0.93 GB
  [3] Newton steady-state                  10.451 s      2.08 GB
  [4] Linear operators                      0.514 s      0.21 GB
  [5] K_visc + h₀                           0.316 s      0.12 GB
  [6] Eigenproblem                         19.583 s      2.79 GB
  [8] Cohomological solve                 295.065 s    283.54 GB
============================================================
Next:  julia --project=. solve_rom.jl   →   python3 compare_orders.py
