
======================================================================
MORFE.jl — arch_2_force
----------------------------------------------------------------------
  Results → /Users/alessandravizzaccaro/Documents/julia/MORFE.jl/demo/TopRes/setup/../results/visualise_geometry_and_modes
======================================================================

Material: isotropic polysilicon (mm·kg·s)
  E = 1.67e+08 MPa,  ν = 0.22,  ρ = 2.33 kg/mm³  →  λ = 5.378e+07,  μ = 6.844e+07 MPa

§1  Mesh: TopRes9Mod_02.msh
     8199 P18 cells,  18540 nodes

§2  FEM: P18 quadratic prism (54 DOFs/cell)
     37080 total DOFs,  32 constrained,  37048 free

§3  Eigenproblem  (7 physical mode pairs)
     --------------------------------------------------------------
     Phys    EV idx  σ (decay)             f (Hz)          ω (rad/s)
     --------------------------------------------------------------
       1    1, 2   -0.000000e+00         0.0236           0.1485
       2    3, 4   -0.000000e+00         0.0652           0.4094
       3    5, 6   -0.000000e+00         0.1277           0.8025
       4    7, 8   -0.000000e+00         0.2112           1.3269
       5    9,10   -0.000000e+00         0.3155           1.9821
       6   11,12   -0.000000e+00         0.4408           2.7695
       7   13,14   -0.000000e+00         0.5868           3.6872
     --------------------------------------------------------------
